Embedded Test Report
--------------------
Test 1: input=120 | expected=ALERT | actual=ALERT | result=PASS
Test 2: input=20 | expected=NORMAL | actual=NORMAL | result=PASS
Test 3: input=101 | expected=ALERT | actual=ALERT | result=PASS
Test 4: input=100 | expected=NORMAL | actual=NORMAL | result=PASS
Test 5: input=-10 | expected=NORMAL | actual=NORMAL | result=PASS
Test 6: input=250 | expected=ALERT | actual=ALERT | result=PASS

Summary
-------
Total  : 6
Passed : 6
Failed : 0
